
  .   ____          _            __ _ _
 /\\ / ___'_ __ _ _(_)_ __  __ _ \ \ \ \
( ( )\___ | '_ | '_| | '_ \/ _` | \ \ \ \
 \\/  ___)| |_)| | | | | || (_| |  ) ) ) )
  '  |____| .__|_| |_|_| |_\__, | / / / /
 =========|_|==============|___/=/_/_/_/

 :: Spring Boot ::                (v4.0.8)

2026-09-14T10:45:57.361-04:00  INFO 35500 --- [edupro-uep] [  restartedMain] ht.uep.edupro_uep.EduproUepApplication   : Starting EduproUepApplication using Java 21.0.11 with PID 35500 (C:\Users\hugue\edupro-uep\uep-backend\target\classes started by hugue in C:\Users\hugue\edupro-uep\uep-backend)
2026-09-14T10:45:57.364-04:00  INFO 35500 --- [edupro-uep] [  restartedMain] ht.uep.edupro_uep.EduproUepApplication   : No active profile set, falling back to 1 default profile: "default"
2026-09-14T10:45:57.410-04:00  INFO 35500 --- [edupro-uep] [  restartedMain] .e.DevToolsPropertyDefaultsPostProcessor : Devtools property defaults active! Set 'spring.devtools.add-properties' to 'false' to disable
2026-09-14T10:45:57.410-04:00  INFO 35500 --- [edupro-uep] [  restartedMain] .e.DevToolsPropertyDefaultsPostProcessor : For additional web related logging consider setting the 'logging.level.web' property to 'DEBUG'
2026-09-14T10:45:58.024-04:00  INFO 35500 --- [edupro-uep] [  restartedMain] .s.d.r.c.RepositoryConfigurationDelegate : Bootstrapping Spring Data JPA repositories in DEFAULT mode.
2026-09-14T10:45:58.141-04:00  INFO 35500 --- [edupro-uep] [  restartedMain] .s.d.r.c.RepositoryConfigurationDelegate : Finished Spring Data repository scanning in 109 ms. Found 26 JPA repository interfaces.
2026-09-14T10:45:58.679-04:00  INFO 35500 --- [edupro-uep] [  restartedMain] o.s.boot.tomcat.TomcatWebServer          : Tomcat initialized with port 8080 (http)
2026-09-14T10:45:58.693-04:00  INFO 35500 --- [edupro-uep] [  restartedMain] o.apache.catalina.core.StandardService   : Starting service [Tomcat]
2026-09-14T10:45:58.693-04:00  INFO 35500 --- [edupro-uep] [  restartedMain] o.apache.catalina.core.StandardEngine    : Starting Servlet engine: [Apache Tomcat/11.0.24]
2026-09-14T10:45:58.729-04:00  INFO 35500 --- [edupro-uep] [  restartedMain] b.w.c.s.WebApplicationContextInitializer : Root WebApplicationContext: initialization completed in 1317 ms
2026-09-14T10:45:58.926-04:00  INFO 35500 --- [edupro-uep] [  restartedMain] org.hibernate.orm.jpa                    : HHH008540: Processing PersistenceUnitInfo [name: default]
2026-09-14T10:45:58.973-04:00  INFO 35500 --- [edupro-uep] [  restartedMain] org.hibernate.orm.core                   : HHH000001: Hibernate ORM core version 7.2.24.Final
2026-09-14T10:45:59.403-04:00  INFO 35500 --- [edupro-uep] [  restartedMain] o.s.o.j.p.SpringPersistenceUnitInfo      : No LoadTimeWeaver setup: ignoring JPA class transformer
2026-09-14T10:45:59.428-04:00  INFO 35500 --- [edupro-uep] [  restartedMain] com.zaxxer.hikari.HikariDataSource       : HikariPool-1 - Starting...
2026-09-14T10:45:59.562-04:00  INFO 35500 --- [edupro-uep] [  restartedMain] com.zaxxer.hikari.pool.HikariPool        : HikariPool-1 - Added connection org.postgresql.jdbc.PgConnection@2308c0f3
2026-09-14T10:45:59.562-04:00  INFO 35500 --- [edupro-uep] [  restartedMain] com.zaxxer.hikari.HikariDataSource       : HikariPool-1 - Start completed.
2026-09-14T10:45:59.627-04:00  INFO 35500 --- [edupro-uep] [  restartedMain] org.hibernate.orm.connections.pooling    : HHH10001005: Database info:
	Database JDBC URL [jdbc:postgresql://localhost:5432/GestionProjetUEP]
	Database driver: PostgreSQL JDBC Driver
	Database dialect: PostgreSQLDialect
	Database version: 17.0
	Default catalog/schema: GestionProjetUEP/public
	Autocommit mode: undefined/unknown
	Isolation level: READ_COMMITTED [default READ_COMMITTED]
	JDBC fetch size: none
	Pool: DataSourceConnectionProvider
	Minimum pool size: undefined/unknown
	Maximum pool size: undefined/unknown
2026-09-14T10:46:00.795-04:00  INFO 35500 --- [edupro-uep] [  restartedMain] org.hibernate.orm.core                   : HHH000489: No JTA platform available (set 'hibernate.transaction.jta.platform' to enable JTA platform integration)
2026-09-14T10:46:00.883-04:00  INFO 35500 --- [edupro-uep] [  restartedMain] j.LocalContainerEntityManagerFactoryBean : Initialized JPA EntityManagerFactory for persistence unit 'default'
2026-09-14T10:46:00.982-04:00  INFO 35500 --- [edupro-uep] [  restartedMain] o.s.d.j.r.query.QueryEnhancerFactories   : Hibernate is in classpath; If applicable, HQL parser will be used.
2026-09-14T10:46:01.550-04:00  WARN 35500 --- [edupro-uep] [  restartedMain] JpaBaseConfiguration$JpaWebConfiguration : spring.jpa.open-in-view is enabled by default. Therefore, database queries may be performed during view rendering. Explicitly configure spring.jpa.open-in-view to disable this warning
2026-09-14T10:46:01.623-04:00  WARN 35500 --- [edupro-uep] [  restartedMain] .s.a.UserDetailsServiceAutoConfiguration : 

Using generated security password: e4d691c6-a2f4-47fd-8ea7-3503220c46eb

This generated password is for development use only. Your security configuration must be updated before running your application in production.

2026-09-14T10:46:01.629-04:00  INFO 35500 --- [edupro-uep] [  restartedMain] r$InitializeUserDetailsManagerConfigurer : Global AuthenticationManager configured with UserDetailsService bean with name inMemoryUserDetailsManager
2026-09-14T10:46:02.067-04:00  INFO 35500 --- [edupro-uep] [  restartedMain] o.s.boot.tomcat.TomcatWebServer          : Tomcat started on port 8080 (http) with context path '/'
2026-09-14T10:46:02.073-04:00  INFO 35500 --- [edupro-uep] [  restartedMain] ht.uep.edupro_uep.EduproUepApplication   : Started EduproUepApplication in 5.095 seconds (process running for 5.512)
2026-09-14T10:46:12.131-04:00  INFO 35500 --- [edupro-uep] [nio-8080-exec-1] o.a.c.c.C.[Tomcat].[localhost].[/]       : Initializing Spring DispatcherServlet 'dispatcherServlet'
2026-09-14T10:46:12.131-04:00  INFO 35500 --- [edupro-uep] [nio-8080-exec-1] o.s.web.servlet.DispatcherServlet        : Initializing Servlet 'dispatcherServlet'
2026-09-14T10:46:12.132-04:00  INFO 35500 --- [edupro-uep] [nio-8080-exec-1] o.s.web.servlet.DispatcherServlet        : Completed initialization in 1 ms
